// Jest Snapshot v1, https://goo.gl/fbAQLP

exports[`It should get all stops 1`] = `
Array [
  Object {
    "description": "Ballymun Road, Nursing Home",
    "id": 22,
    "latitude": 53.399092,
    "longitude": -6.264086,
  },
  Object {
    "description": "Ballymun Road, Nursing Home",
    "id": 17,
    "latitude": 53.399107,
    "longitude": -6.263668,
  },
]
`;

exports[`It should get real time information for a stop 1`] = `
Array [
  Object {
    "destinationName": "St Pappin's Rd via Drumcondra",
    "expectedArrivalTime": 2019-09-21T16:38:00.000Z,
    "lineName": "11",
  },
  Object {
    "destinationName": "St Pappin's Rd via Drumcondra",
    "expectedArrivalTime": 2019-09-21T16:55:51.000Z,
    "lineName": "11",
  },
  Object {
    "destinationName": "St Pappin's Rd via Drumcondra",
    "expectedArrivalTime": 2019-09-21T17:20:01.000Z,
    "lineName": "11",
  },
]
`;
