// Jest Snapshot v1, https://goo.gl/fbAQLP

exports[`It should get all stations 1`] = `
Array [
  Object {
    "code": "BFSTC",
    "id": 228,
    "latitude": 54.6123,
    "longitude": -5.91744,
    "name": "Belfast",
  },
  Object {
    "code": "LBURN",
    "id": 238,
    "latitude": 54.514,
    "longitude": -6.04327,
    "name": "Lisburn",
  },
  Object {
    "code": "LURGN",
    "id": 241,
    "latitude": 54.4672,
    "longitude": -6.33547,
    "name": "Lurgan",
  },
]
`;

exports[`It should get real time informationf for a station 1`] = `
Array [
  Object {
    "arrivingInMinutes": 23,
    "code": "E811",
    "destination": "Malahide",
    "destinationTime": "21:07",
    "direction": "Northbound",
    "expectedArrivalTime": "20:36",
    "expectedDepartureTime": "20:36",
    "minutesLate": 14,
    "origin": "Greystones",
    "originTime": "19:50",
    "scheduledArrivalTime": "20:22",
    "scheduledDepartureTime": "20:22",
    "status": "En Route",
    "trainType": "DART",
  },
  Object {
    "arrivingInMinutes": 39,
    "code": "E922",
    "destination": "Howth",
    "destinationTime": "21:37",
    "direction": "Northbound",
    "expectedArrivalTime": "20:52",
    "expectedDepartureTime": "20:52",
    "minutesLate": 0,
    "origin": "Bray",
    "originTime": "20:30",
    "scheduledArrivalTime": "20:52",
    "scheduledDepartureTime": "20:52",
    "status": "No Information",
    "trainType": "DART",
  },
  Object {
    "arrivingInMinutes": 69,
    "code": "E812",
    "destination": "Malahide",
    "destinationTime": "22:09",
    "direction": "Northbound",
    "expectedArrivalTime": "21:22",
    "expectedDepartureTime": "21:22",
    "minutesLate": 0,
    "origin": "Greystones",
    "originTime": "20:50",
    "scheduledArrivalTime": "21:22",
    "scheduledDepartureTime": "21:22",
    "status": "No Information",
    "trainType": "DART",
  },
  Object {
    "arrivingInMinutes": 15,
    "code": "E219",
    "destination": "Bray",
    "destinationTime": "20:43",
    "direction": "Southbound",
    "expectedArrivalTime": "20:27",
    "expectedDepartureTime": "20:28",
    "minutesLate": 8,
    "origin": "Howth",
    "originTime": "19:35",
    "scheduledArrivalTime": "20:19",
    "scheduledDepartureTime": "20:20",
    "status": "En Route",
    "trainType": "DART",
  },
  Object {
    "arrivingInMinutes": 32,
    "code": "E220",
    "destination": "Bray",
    "destinationTime": "21:07",
    "direction": "Southbound",
    "expectedArrivalTime": "20:44",
    "expectedDepartureTime": "20:45",
    "minutesLate": 1,
    "origin": "Howth",
    "originTime": "20:00",
    "scheduledArrivalTime": "20:43",
    "scheduledDepartureTime": "20:44",
    "status": "En Route",
    "trainType": "DART",
  },
  Object {
    "arrivingInMinutes": 42,
    "code": "E221",
    "destination": "Bray",
    "destinationTime": "21:18",
    "direction": "Southbound",
    "expectedArrivalTime": "20:54",
    "expectedDepartureTime": "20:55",
    "minutesLate": 1,
    "origin": "Malahide",
    "originTime": "20:10",
    "scheduledArrivalTime": "20:54",
    "scheduledDepartureTime": "20:54",
    "status": "En Route",
    "trainType": "DART",
  },
  Object {
    "arrivingInMinutes": 67,
    "code": "E112",
    "destination": "Greystones",
    "destinationTime": "21:54",
    "direction": "Southbound",
    "expectedArrivalTime": "21:19",
    "expectedDepartureTime": "21:20",
    "minutesLate": 0,
    "origin": "Howth",
    "originTime": "20:35",
    "scheduledArrivalTime": "21:19",
    "scheduledDepartureTime": "21:20",
    "status": "No Information",
    "trainType": "DART",
  },
]
`;
