// Jest Snapshot v1, https://goo.gl/fbAQLP

exports[`It should get all stations 1`] = `
Array [
  Object {
    "code": "BFSTC",
    "id": 228,
    "latitude": 54.6123,
    "longitude": -5.91744,
    "name": "Belfast",
  },
  Object {
    "code": "LBURN",
    "id": 238,
    "latitude": 54.514,
    "longitude": -6.04327,
    "name": "Lisburn",
  },
  Object {
    "code": "LURGN",
    "id": 241,
    "latitude": 54.4672,
    "longitude": -6.33547,
    "name": "Lurgan",
  },
]
`;

exports[`It should get real time information for a station 1`] = `
Array [
  Object {
    "arrivingInMinutes": 23,
    "code": "E811",
    "destination": "Malahide",
    "destinationTime": "2019-09-22T21:07:00.000+01:00",
    "direction": "Northbound",
    "expectedArrivalTime": "2019-09-22T20:36:00.000+01:00",
    "expectedDepartureTime": "2019-09-22T20:36:00.000+01:00",
    "minutesLate": 14,
    "origin": "Greystones",
    "originTime": "2019-09-22T19:50:00.000+01:00",
    "scheduledArrivalTime": "2019-09-22T20:22:00.000+01:00",
    "scheduledDepartureTime": "2019-09-22T20:22:00.000+01:00",
    "status": "En Route",
    "trainType": "DART",
  },
  Object {
    "arrivingInMinutes": 39,
    "code": "E922",
    "destination": "Howth",
    "destinationTime": "2019-09-22T21:37:00.000+01:00",
    "direction": "Northbound",
    "expectedArrivalTime": "2019-09-22T20:52:00.000+01:00",
    "expectedDepartureTime": "2019-09-22T20:52:00.000+01:00",
    "minutesLate": 0,
    "origin": "Bray",
    "originTime": "2019-09-22T20:30:00.000+01:00",
    "scheduledArrivalTime": "2019-09-22T20:52:00.000+01:00",
    "scheduledDepartureTime": "2019-09-22T20:52:00.000+01:00",
    "status": "No Information",
    "trainType": "DART",
  },
  Object {
    "arrivingInMinutes": 69,
    "code": "E812",
    "destination": "Malahide",
    "destinationTime": "2019-09-22T22:09:00.000+01:00",
    "direction": "Northbound",
    "expectedArrivalTime": "2019-09-22T21:22:00.000+01:00",
    "expectedDepartureTime": "2019-09-22T21:22:00.000+01:00",
    "minutesLate": 0,
    "origin": "Greystones",
    "originTime": "2019-09-22T20:50:00.000+01:00",
    "scheduledArrivalTime": "2019-09-22T21:22:00.000+01:00",
    "scheduledDepartureTime": "2019-09-22T21:22:00.000+01:00",
    "status": "No Information",
    "trainType": "DART",
  },
  Object {
    "arrivingInMinutes": 15,
    "code": "E219",
    "destination": "Bray",
    "destinationTime": "2019-09-22T20:43:00.000+01:00",
    "direction": "Southbound",
    "expectedArrivalTime": "2019-09-22T20:27:00.000+01:00",
    "expectedDepartureTime": "2019-09-22T20:28:00.000+01:00",
    "minutesLate": 8,
    "origin": "Howth",
    "originTime": "2019-09-22T19:35:00.000+01:00",
    "scheduledArrivalTime": "2019-09-22T20:19:00.000+01:00",
    "scheduledDepartureTime": "2019-09-22T20:20:00.000+01:00",
    "status": "En Route",
    "trainType": "DART",
  },
  Object {
    "arrivingInMinutes": 32,
    "code": "E220",
    "destination": "Bray",
    "destinationTime": "2019-09-22T21:07:00.000+01:00",
    "direction": "Southbound",
    "expectedArrivalTime": "2019-09-22T20:44:00.000+01:00",
    "expectedDepartureTime": "2019-09-22T20:45:00.000+01:00",
    "minutesLate": 1,
    "origin": "Howth",
    "originTime": "2019-09-22T20:00:00.000+01:00",
    "scheduledArrivalTime": "2019-09-22T20:43:00.000+01:00",
    "scheduledDepartureTime": "2019-09-22T20:44:00.000+01:00",
    "status": "En Route",
    "trainType": "DART",
  },
  Object {
    "arrivingInMinutes": 42,
    "code": "E221",
    "destination": "Bray",
    "destinationTime": "2019-09-22T21:18:00.000+01:00",
    "direction": "Southbound",
    "expectedArrivalTime": "2019-09-22T20:54:00.000+01:00",
    "expectedDepartureTime": "2019-09-22T20:55:00.000+01:00",
    "minutesLate": 1,
    "origin": "Malahide",
    "originTime": "2019-09-22T20:10:00.000+01:00",
    "scheduledArrivalTime": "2019-09-22T20:54:00.000+01:00",
    "scheduledDepartureTime": "2019-09-22T20:54:00.000+01:00",
    "status": "En Route",
    "trainType": "DART",
  },
  Object {
    "arrivingInMinutes": 67,
    "code": "E112",
    "destination": "Greystones",
    "destinationTime": "2019-09-22T21:54:00.000+01:00",
    "direction": "Southbound",
    "expectedArrivalTime": "2019-09-22T21:19:00.000+01:00",
    "expectedDepartureTime": "2019-09-22T21:20:00.000+01:00",
    "minutesLate": 0,
    "origin": "Howth",
    "originTime": "2019-09-22T20:35:00.000+01:00",
    "scheduledArrivalTime": "2019-09-22T21:19:00.000+01:00",
    "scheduledDepartureTime": "2019-09-22T21:20:00.000+01:00",
    "status": "No Information",
    "trainType": "DART",
  },
]
`;

exports[`It should get real time information for a station with a direction filter 1`] = `
Array [
  Object {
    "arrivingInMinutes": 2,
    "code": "P739",
    "destination": "Dublin Connolly",
    "destinationTime": "2019-09-23T10:51:00.000+01:00",
    "direction": "Southbound",
    "expectedArrivalTime": "2019-09-23T11:12:00.000+01:00",
    "expectedDepartureTime": "2019-09-23T11:13:00.000+01:00",
    "minutesLate": 35,
    "origin": "Maynooth",
    "originTime": "2019-09-23T10:10:00.000+01:00",
    "scheduledArrivalTime": "2019-09-23T10:37:00.000+01:00",
    "scheduledDepartureTime": "2019-09-23T10:38:00.000+01:00",
    "status": "En Route",
    "trainType": "Train",
  },
  Object {
    "arrivingInMinutes": 4,
    "code": "P740",
    "destination": "Dublin Connolly",
    "destinationTime": "2019-09-23T11:22:00.000+01:00",
    "direction": "Southbound",
    "expectedArrivalTime": "2019-09-23T11:15:00.000+01:00",
    "expectedDepartureTime": "2019-09-23T11:15:00.000+01:00",
    "minutesLate": 7,
    "origin": "Maynooth",
    "originTime": "2019-09-23T10:40:00.000+01:00",
    "scheduledArrivalTime": "2019-09-23T11:07:00.000+01:00",
    "scheduledDepartureTime": "2019-09-23T11:08:00.000+01:00",
    "status": "En Route",
    "trainType": "Train",
  },
  Object {
    "arrivingInMinutes": 57,
    "code": "P742",
    "destination": "Dublin Connolly",
    "destinationTime": "2019-09-23T12:22:00.000+01:00",
    "direction": "Southbound",
    "expectedArrivalTime": "2019-09-23T12:07:00.000+01:00",
    "expectedDepartureTime": "2019-09-23T12:08:00.000+01:00",
    "minutesLate": 0,
    "origin": "Maynooth",
    "originTime": "2019-09-23T11:40:00.000+01:00",
    "scheduledArrivalTime": "2019-09-23T12:07:00.000+01:00",
    "scheduledDepartureTime": "2019-09-23T12:08:00.000+01:00",
    "status": "No Information",
    "trainType": "Train",
  },
  Object {
    "arrivingInMinutes": 87,
    "code": "P743",
    "destination": "Dublin Connolly",
    "destinationTime": "2019-09-23T12:52:00.000+01:00",
    "direction": "Southbound",
    "expectedArrivalTime": "2019-09-23T12:37:00.000+01:00",
    "expectedDepartureTime": "2019-09-23T12:38:00.000+01:00",
    "minutesLate": 0,
    "origin": "Maynooth",
    "originTime": "2019-09-23T12:10:00.000+01:00",
    "scheduledArrivalTime": "2019-09-23T12:37:00.000+01:00",
    "scheduledDepartureTime": "2019-09-23T12:38:00.000+01:00",
    "status": "No Information",
    "trainType": "Train",
  },
]
`;
